2025-12-02 15:00:47,191 - INFO - 抓取网页: https://www.secrss.com/articles/85412
2025-12-02 15:00:48,010 - INFO - 抓取成功，长度: 18662 字符
2025-12-02 15:00:48,042 - INFO - 解析完成！纯文本长度: 512 字符，识别图片数: 0
2025-12-02 15:04:32,481 - INFO - 抓取网页: https://www.secrss.com/articles/85412
2025-12-02 15:04:33,263 - INFO - 抓取成功，长度: 18662 字符
2025-12-02 15:06:01,386 - INFO - 抓取网页: https://www.secrss.com/articles/85412
2025-12-02 15:06:02,171 - INFO - 抓取成功，长度: 18662 字符
2025-12-02 16:16:48,452 - INFO - 抓取网页: https://www.secrss.com/articles/85412
2025-12-02 16:16:49,199 - INFO - 抓取成功，长度: 18662 字符
2025-12-02 16:29:07,563 - INFO - 抓取网页: https://www.secrss.com/articles/85412
2025-12-02 16:29:08,325 - INFO - 抓取成功，长度: 18662 字符
2025-12-02 16:38:29,294 - INFO - 抓取网页: https://www.secrss.com/articles/85412
2025-12-02 16:38:30,189 - INFO - 抓取成功，长度: 18662 字符
2025-12-02 21:37:23,280 - INFO - 抓取网页: https://www.secrss.com/articles/85412
2025-12-02 21:37:24,101 - INFO - 抓取成功，长度: 18662 字符
2025-12-02 21:40:07,427 - __main__ - INFO - 开始执行网页解析流程
2025-12-02 21:40:07,427 - __main__ - INFO - 开始抓取网页: https://www.secrss.com/articles/85412
2025-12-02 21:40:08,165 - __main__ - INFO - 抓取成功，内容长度: 18,662 字符
2025-12-02 21:40:08,199 - __main__ - INFO - 遇到停止关键词，停止提取正文
2025-12-02 21:40:08,203 - __main__ - INFO - 解析流程完成
2025-12-02 21:43:43,447 - __main__ - INFO - 开始执行网页解析流程
2025-12-02 21:43:43,447 - __main__ - INFO - 开始抓取网页: https://www.secrss.com/articles/85412
2025-12-02 21:43:44,297 - __main__ - INFO - 抓取成功，内容长度: 18,662 字符
2025-12-02 21:43:44,337 - __main__ - INFO - 遇到停止关键词，停止提取正文
2025-12-02 21:43:44,340 - __main__ - INFO - 解析流程完成
2025-12-02 21:46:21,597 - __main__ - INFO - 开始执行网页解析流程
2025-12-02 21:46:21,598 - __main__ - INFO - 开始抓取网页: https://www.secrss.com/articles/85412
2025-12-02 21:46:22,388 - __main__ - INFO - 抓取成功，内容长度: 18,662 字符
2025-12-02 21:46:22,421 - __main__ - INFO - 遇到停止关键词，停止提取正文
2025-12-02 21:46:22,424 - __main__ - INFO - 解析流程完成
